-- The C compiler identification is MSVC 19.51.36260.0
-- The CXX compiler identification is MSVC 19.51.36260.0
-- The CUDA compiler identification is NVIDIA 13.3.33 with host compiler MSVC 19.51.36260.0
-- Detecting C compiler ABI info
-- Detecting C compiler ABI info - done
-- Check for working C compiler: C:/Program Files/Microsoft Visual Studio/18/Enterprise/VC/Tools/MSVC/14.51.36231/bin/Hostx64/x64/cl.exe - skipped
-- Detecting C compile features
-- Detecting C compile features - done
-- Detecting CXX compiler ABI info
-- Detecting CXX compiler ABI info - done
-- Check for working CXX compiler: C:/Program Files/Microsoft Visual Studio/18/Enterprise/VC/Tools/MSVC/14.51.36231/bin/Hostx64/x64/cl.exe - skipped
-- Detecting CXX compile features
-- Detecting CXX compile features - done
-- Detecting CUDA compiler ABI info
-- Detecting CUDA compiler ABI info - done
-- Check for working CUDA compiler: C:/Program Files/NVIDIA GPU Computing Toolkit/CUDA/v13.3/bin/nvcc.exe - skipped
-- Detecting CUDA compile features
-- Detecting CUDA compile features - done
-- Found CUDAToolkit: C:/Program Files/NVIDIA GPU Computing Toolkit/CUDA/v13.3/include;C:/Program Files/NVIDIA GPU Computing Toolkit/CUDA/v13.3/include/cccl (found version "13.3.33")
-- Performing Test CMAKE_HAVE_LIBC_PTHREAD
-- Performing Test CMAKE_HAVE_LIBC_PTHREAD - Failed
-- Looking for pthread_create in pthreads
-- Looking for pthread_create in pthreads - not found
-- Looking for pthread_create in pthread
-- Looking for pthread_create in pthread - not found
-- Found Threads: TRUE
-- Configuring incomplete, errors occurred!
CMake Warning (policy) at C:/Program Files/CMake/share/cmake-4.4/Modules/FindPackageHandleStandardArgs.cmake:654 (_FPHSA_FAILURE_MESSAGE):
  Policy CMP0219 is not set: Macro invocations preserve backslashes in
  arguments.  Run "cmake --help-policy CMP0219" for policy details.  Use the
  cmake_policy command to set the policy and suppress this warning.

  Command "_FPHSA_FAILURE_MESSAGE" called with arguments containing
  backslashes.

  Since the policy is not set, backslashes in the arguments:

   "missing swscale.lib in C:\Program Files\Microsoft Visual Studio\18\Enterprise\VC\vcpkg/installed/x64-windows/lib (the vcpkg tree lacks ffmpeg) (missing: FFMPEG_INCLUDE_DIRS FFMPEG_LIBRARY_DIRS FFMPEG_LIBRARIES) "

  will be interpreted as escape sequences for compatibility.

  Set the policy to NEW to instead pass

   "missing swscale.lib in C:\\Program Files\\Microsoft Visual Studio\\18\\Enterprise\\VC\\vcpkg/installed/x64-windows/lib (the vcpkg tree lacks ffmpeg) (missing: FFMPEG_INCLUDE_DIRS FFMPEG_LIBRARY_DIRS FFMPEG_LIBRARIES) "

  so that argument parsing will preserve the original values.
Call Stack (most recent call first):
  cmake/FindFFMPEG.cmake:45 (find_package_handle_standard_args)
  cmake/Dependencies.cmake:22 (find_package)
  CMakeLists.txt:207 (include)
This warning is for project developers.  Use -Wno-author or -Wno-policy to
suppress it.

CMake Error at C:/Program Files/CMake/share/cmake-4.4/Modules/FindPackageHandleStandardArgs.cmake:282 (set):
  Syntax error in cmake code at

    C:/Program Files/CMake/share/cmake-4.4/Modules/FindPackageHandleStandardArgs.cmake:282

  when parsing string

    missing swscale.lib in C:\Program Files\Microsoft Visual Studio\18\Enterprise\VC\vcpkg/installed/x64-windows/lib (the vcpkg tree lacks ffmpeg) (missing: FFMPEG_INCLUDE_DIRS FFMPEG_LIBRARY_DIRS FFMPEG_LIBRARIES) 

  Invalid character escape '\P'.
Call Stack (most recent call first):
  C:/Program Files/CMake/share/cmake-4.4/Modules/FindPackageHandleStandardArgs.cmake:654 (_FPHSA_FAILURE_MESSAGE)
  cmake/FindFFMPEG.cmake:45 (find_package_handle_standard_args)
  cmake/Dependencies.cmake:22 (find_package)
  CMakeLists.txt:207 (include)


